
12:44:37.025 [info] Loading 47 CA(s) from :otp store

12:44:39.312 id=0 [debug] handled request client -> server initialize in 1623ms

12:44:39.358 [debug] handled notification client -> server textDocument/didOpen in 33ms

12:44:39.358 [debug] handled notification client -> server textDocument/didOpen in 33ms

12:44:39.358 [debug] handled notification client -> server textDocument/didOpen in 32ms

12:44:39.358 [debug] handled notification client -> server textDocument/didOpen in 32ms

12:44:39.359 [debug] sent notification server -> client window/logMessage

12:44:39.381 [debug] NextLS v0.23.4 has initialized!

12:44:39.381 [debug] sent notification server -> client window/logMessage

12:44:39.381 [debug] Log file located at c:/projects/agentic_boilerplate/.elixir-tools/next-ls.log

12:44:39.395 [debug] sent notification server -> client window/logMessage

12:44:39.395 id=134 [debug] sent request server -> client client/registerCapability

12:44:39.395 [info] [extension] Credo initializing with options %NextLS.InitOpts.Extensions.Credo{enable: true, cli_options: []}

12:44:41.519 [debug] handled notification client -> server workspace/didChangeWatchedFiles in 55ms

12:44:43.073 [debug] sent notification server -> client window/logMessage

12:44:43.077 [warning] Failed to unzip and install the bundled Elixir archive.

** (MatchError) no match of right hand side value: {"** (ArgumentError) cannot escape #Reference<0.2409298080.57540612.70928>. The supported values are: lists, tuples, maps, atoms, numbers, bitstrings, PIDs and remote functions in the format &Mod.fun/arity\n    (elixir 1.17.3) src/elixir_quote.erl:500: :elixir_quote.argument_error/1\n    (elixir 1.17.3) src/elixir_quote.erl:409: :elixir_quote.do_quote_simple_list/3\n    (elixir 1.17.3) src/elixir_quote.erl:409: :elixir_quote.do_quote_simple_list/3\n    (elixir 1.17.3) src/elixir_quote.erl:149: :elixir_quote.do_escape/2\n    (elixir 1.17.3) src/elixir_quote.erl:355: :elixir_quote.do_quote/2\n    (elixir 1.17.3) src/elixir_quote.erl:409: :elixir_quote.do_quote_simple_list/3\n    (elixir 1.17.3) src/elixir_quote.erl:409: :elixir_quote.do_quote_simple_list/3\n    c:/projects/agentic_boilerplate/config/config.exs:86: (file)\n", 1}
    (next_ls 0.23.4) lib/next_ls/runtime/bundled_elixir.ex:55: NextLS.Runtime.BundledElixir.install/2
    (next_ls 0.23.4) lib/next_ls.ex:882: NextLS.handle_notification/2
    (gen_lsp 0.11.0) lib/gen_lsp.ex:528: anonymous fn/2 in GenLSP.loop/3
    (telemetry 1.3.0) /Users/runner/work/next-ls/next-ls/deps/telemetry/src/telemetry.erl:324: :telemetry.span/3
    (gen_lsp 0.11.0) lib/gen_lsp.ex:524: anonymous fn/4 in GenLSP.loop/3
    (gen_lsp 0.11.0) lib/gen_lsp.ex:601: anonymous fn/4 in GenLSP.attempt/4
    (elixir 1.17.3) lib/task/supervised.ex:101: Task.Supervised.invoke_mfa/2



12:44:43.077 [debug] sent notification server -> client window/logMessage

12:44:43.077 [debug] Booting runtimes...

12:44:43.110 id=3 [debug] sent request server -> client window/workDoneProgress/create

12:44:43.156 [debug] sent notification server -> client $/progress

12:44:43.412 [debug] sent notification server -> client window/logMessage

12:44:43.412 [info] Beginning DB migration...

12:44:43.523 [debug] sent notification server -> client window/logMessage

12:44:43.523 [info] Database is being upgraded from version 0 to 7.

This will trigger a full recompilation in order to re-index your codebase.


12:44:43.528 [debug] sent notification server -> client window/logMessage

12:44:43.530 [info] Finished DB migration...

12:44:43.531 [error] ** (MatchError) no match of right hand side value: {:error, {:shutdown, {:failed_to_start_child, NextLS.Runtime, {:badarg, [{NextLS.Runtime, :init, 1, [file: ~c"lib/next_ls/runtime.ex", line: 131, error_info: %{cause: {1, :binary, :type, nil}, function: :format_bs_fail, module: :erl_erts_errors}]}, {:gen_server, :init_it, 2, [file: ~c"gen_server.erl", line: 2229]}, {:gen_server, :init_it, 6, [file: ~c"gen_server.erl", line: 2184]}, {:proc_lib, :init_p_do_apply, 3, [file: ~c"proc_lib.erl", line: 329]}]}}}}
    (next_ls 0.23.4) lib/next_ls.ex:907: anonymous fn/5 in NextLS.handle_notification/2
    (elixir 1.17.3) lib/enum.ex:2531: Enum."-reduce/3-lists^foldl/2-0-"/3
    (next_ls 0.23.4) lib/next_ls.ex:902: NextLS.handle_notification/2
    (gen_lsp 0.11.0) lib/gen_lsp.ex:528: anonymous fn/2 in GenLSP.loop/3
    (telemetry 1.3.0) /Users/runner/work/next-ls/next-ls/deps/telemetry/src/telemetry.erl:324: :telemetry.span/3
    (gen_lsp 0.11.0) lib/gen_lsp.ex:524: anonymous fn/4 in GenLSP.loop/3
    (gen_lsp 0.11.0) lib/gen_lsp.ex:601: anonymous fn/4 in GenLSP.attempt/4
    (elixir 1.17.3) lib/task/supervised.ex:101: Task.Supervised.invoke_mfa/2


12:44:43.531 [debug] sent notification server -> client window/logMessage

12:44:43.531 [warning] client -> server notification crashed

12:45:13.650 [debug] handled notification client -> server workspace/didChangeWatchedFiles in 512µs

12:45:17.652 id=1 [debug] handled request client -> server textDocument/documentSymbol in 164ms

12:45:17.789 id=2 [debug] handled request client -> server textDocument/documentSymbol in 3ms

12:45:50.901 id=3 [debug] handled request client -> server textDocument/documentSymbol in 3ms

12:45:53.975 [debug] handled notification client -> server textDocument/didChange in 70ms

12:45:54.023 id=5 [debug] handled request client -> server textDocument/documentSymbol in 3ms

12:45:54.959 [error] ** (Protocol.UndefinedError) protocol Enumerable not implemented for %GenLSP.ErrorResponse{message: "Timeout", code: -32603, data: nil} of type GenLSP.ErrorResponse (a struct). This protocol is implemented for the following type(s): DBConnection.PrepareStream, DBConnection.Stream, Date.Range, Exqlite.Stream, File.Stream, Function, GenEvent.Stream, HashDict, HashSet, IO.Stream, Jason.OrderedObject, List, Map, MapSet, Range, Stream
    (elixir 1.17.3) lib/enum.ex:1: Enumerable.impl_for!/1
    (elixir 1.17.3) lib/enum.ex:166: Enumerable.reduce/3
    (elixir 1.17.3) lib/enum.ex:4423: Enum.reject/2
    (next_ls 0.23.4) lib/next_ls.ex:241: NextLS.handle_request/2
    (gen_lsp 0.11.0) lib/gen_lsp.ex:372: anonymous fn/2 in GenLSP.loop/3
    (telemetry 1.3.0) /Users/runner/work/next-ls/next-ls/deps/telemetry/src/telemetry.erl:324: :telemetry.span/3
    (gen_lsp 0.11.0) lib/gen_lsp.ex:371: anonymous fn/5 in GenLSP.loop/3
    (gen_lsp 0.11.0) lib/gen_lsp.ex:601: anonymous fn/4 in GenLSP.attempt/4


12:45:54.959 [debug] sent notification server -> client window/logMessage

12:45:54.980 id=6 [debug] handled request client -> server textDocument/documentSymbol in 2ms

12:45:55.488 [debug] handled notification client -> server textDocument/didSave in 22ms

12:45:55.848 [debug] handled notification client -> server workspace/didChangeWatchedFiles in 307µs

12:46:06.572 [debug] handled notification client -> server $/cancelRequest in 19ms

12:46:06.764 [debug] handled notification client -> server $/cancelRequest in 102µs

12:46:07.990 id=9 [debug] handled request client -> server textDocument/hover in 1039ms

12:46:22.299 [debug] handled notification client -> server $/cancelRequest in 205µs

12:46:22.761 [debug] handled notification client -> server $/cancelRequest in 204µs

12:46:24.614 [debug] handled notification client -> server textDocument/didChange in 512µs

12:46:24.722 id=12 [debug] handled request client -> server textDocument/documentSymbol in 2ms

12:46:25.088 [debug] handled notification client -> server textDocument/didChange in 921µs

12:46:25.091 [debug] handled notification client -> server textDocument/didSave in 717µs

12:46:25.399 id=13 [debug] handled request client -> server textDocument/documentSymbol in 2ms

12:46:25.456 [debug] handled notification client -> server workspace/didChangeWatchedFiles in 410µs

12:46:26.079 id=14 [debug] handled request client -> server textDocument/documentSymbol in 2ms

12:47:44.725 id=15 [debug] handled request client -> server textDocument/documentSymbol in 2ms

12:47:44.966 [debug] handled notification client -> server $/cancelRequest in 205µs

12:47:50.399 [debug] handled notification client -> server textDocument/didChange in 512µs

12:47:50.691 [debug] handled notification client -> server textDocument/didChange in 512µs

12:47:50.791 id=17 [debug] handled request client -> server textDocument/documentSymbol in 2ms

12:47:51.059 [debug] handled notification client -> server textDocument/didChange in 410µs

12:47:51.169 id=18 [debug] handled request client -> server textDocument/documentSymbol in 2ms

12:47:53.713 id=19 [debug] handled request client -> server textDocument/documentSymbol in 2ms

12:48:16.293 [debug] handled notification client -> server $/cancelRequest in 205µs

12:48:18.764 [debug] handled notification client -> server $/cancelRequest in 204µs

12:48:20.058 [debug] handled notification client -> server $/cancelRequest in 102µs

12:48:20.454 [debug] handled notification client -> server $/cancelRequest in 103µs

12:48:23.754 id=24 [debug] handled request client -> server textDocument/hover in 1013ms

12:48:25.052 [debug] handled notification client -> server $/cancelRequest in 102µs

12:48:39.518 id=26 [debug] handled request client -> server textDocument/hover in 1006ms

12:48:41.580 id=27 [debug] handled request client -> server textDocument/hover in 1005ms

12:48:48.448 id=28 [debug] handled request client -> server textDocument/hover in 1017ms

12:48:53.003 id=29 [debug] handled request client -> server textDocument/hover in 1015ms

12:48:55.334 [debug] handled notification client -> server $/cancelRequest in 205µs

12:48:56.422 [debug] handled notification client -> server $/cancelRequest in 205µs

15:44:44.080 [debug] handled notification client -> server textDocument/didSave in 1ms

15:44:44.396 [debug] handled notification client -> server workspace/didChangeWatchedFiles in 512µs

15:44:49.567 [debug] handled notification client -> server $/cancelRequest in 205µs

15:44:49.943 [debug] handled notification client -> server $/cancelRequest in 205µs

15:44:50.426 [debug] handled notification client -> server $/cancelRequest in 205µs

15:44:50.962 [debug] handled notification client -> server $/cancelRequest in 204µs

15:44:51.872 [debug] handled notification client -> server $/cancelRequest in 409µs

15:44:56.502 [debug] handled notification client -> server $/cancelRequest in 308µs

15:47:57.605 [debug] handled notification client -> server textDocument/didOpen in 512µs

15:47:57.607 id=38 [debug] handled request client -> server textDocument/documentSymbol in 2ms

15:47:57.903 id=39 [debug] handled request client -> server textDocument/documentSymbol in 1ms

15:48:07.879 [debug] handled notification client -> server textDocument/didOpen in 512µs

15:48:07.893 [debug] handled notification client -> server textDocument/didClose in 29ms

15:48:07.893 id=40 [debug] handled request client -> server textDocument/documentSymbol in 2ms

15:48:08.187 id=41 [debug] handled request client -> server textDocument/documentSymbol in 2ms

15:48:16.562 [debug] handled notification client -> server textDocument/didClose in 204µs

15:48:16.573 [debug] handled notification client -> server textDocument/didOpen in 307µs

15:48:16.583 id=42 [debug] handled request client -> server textDocument/documentSymbol in 1ms

15:48:16.882 id=43 [debug] handled request client -> server textDocument/documentSymbol in 1ms

15:48:18.486 [debug] handled notification client -> server textDocument/didClose in 307µs

15:48:18.498 [debug] handled notification client -> server textDocument/didOpen in 205µs

15:48:18.506 id=44 [debug] handled request client -> server textDocument/documentSymbol in 1ms

15:48:18.803 id=45 [debug] handled request client -> server textDocument/documentSymbol in 1ms

15:48:31.024 [debug] handled notification client -> server textDocument/didClose in 205µs

15:48:31.333 id=46 [debug] handled request client -> server textDocument/documentSymbol in 2ms

15:48:32.021 [debug] handled notification client -> server $/cancelRequest in 102µs

15:48:34.920 [debug] handled notification client -> server textDocument/didOpen in 614µs

15:48:34.927 id=48 [debug] handled request client -> server textDocument/documentSymbol in 1ms

15:48:35.232 id=49 [debug] handled request client -> server textDocument/documentSymbol in 921µs

15:48:48.443 [debug] handled notification client -> server textDocument/didClose in 205µs

15:48:48.456 [debug] handled notification client -> server textDocument/didOpen in 205µs

15:48:48.465 id=50 [debug] handled request client -> server textDocument/documentSymbol in 921µs

15:48:48.760 id=51 [debug] handled request client -> server textDocument/documentSymbol in 717µs

15:48:51.543 [debug] handled notification client -> server textDocument/didClose in 205µs

15:48:51.559 [debug] handled notification client -> server textDocument/didOpen in 819µs

15:48:51.570 id=52 [debug] handled request client -> server textDocument/documentSymbol in 2ms

15:48:51.863 id=53 [debug] handled request client -> server textDocument/documentSymbol in 2ms

15:55:44.882 [debug] handled notification client -> server textDocument/didOpen in 205µs

15:55:44.890 id=54 [debug] handled request client -> server textDocument/documentSymbol in 307µs

15:55:45.186 id=55 [debug] handled request client -> server textDocument/documentSymbol in 614µs

15:55:45.186 [debug] handled notification client -> server workspace/didChangeWatchedFiles in 512µs

15:55:50.824 [debug] handled notification client -> server textDocument/didChange in 409µs

15:55:50.934 id=56 [debug] handled request client -> server textDocument/documentSymbol in 1ms

15:55:51.252 id=57 [debug] handled request client -> server textDocument/documentSymbol in 1ms

15:55:51.401 [debug] handled notification client -> server textDocument/didChange in 410µs

15:55:51.401 [debug] handled notification client -> server textDocument/didSave in 307µs

15:55:51.735 id=58 [debug] handled request client -> server textDocument/documentSymbol in 1ms

15:55:51.782 [debug] handled notification client -> server workspace/didChangeWatchedFiles in 410µs

15:55:52.057 id=59 [debug] handled request client -> server textDocument/documentSymbol in 1ms

15:56:48.514 [debug] handled notification client -> server textDocument/didOpen in 205µs

15:56:48.522 id=60 [debug] handled request client -> server textDocument/documentSymbol in 410µs

15:56:48.814 [debug] handled notification client -> server workspace/didChangeWatchedFiles in 614µs

15:56:48.814 id=61 [debug] handled request client -> server textDocument/documentSymbol in 512µs

15:56:53.150 [debug] handled notification client -> server textDocument/didChange in 512µs

15:56:53.258 id=62 [debug] handled request client -> server textDocument/documentSymbol in 1ms

15:56:53.478 [debug] handled notification client -> server textDocument/didChange in 614µs

15:56:53.479 [debug] handled notification client -> server textDocument/didSave in 1ms

15:56:53.745 [debug] handled notification client -> server workspace/didChangeWatchedFiles in 410µs

15:56:53.774 id=63 [debug] handled request client -> server textDocument/documentSymbol in 1ms

15:56:54.210 id=64 [debug] handled request client -> server textDocument/documentSymbol in 1ms

15:57:06.026 id=65 [debug] handled request client -> server textDocument/documentSymbol in 3ms

15:57:20.916 [debug] handled notification client -> server textDocument/didOpen in 205µs

15:57:20.929 id=66 [debug] handled request client -> server textDocument/documentSymbol in 512µs

15:57:21.215 [debug] handled notification client -> server workspace/didChangeWatchedFiles in 410µs

15:57:21.225 id=67 [debug] handled request client -> server textDocument/documentSymbol in 512µs

15:57:29.424 [debug] handled notification client -> server textDocument/didChange in 512µs

15:57:29.558 [debug] sent notification server -> client window/logMessage

15:57:29.558 id=68 [debug] handled request client -> server textDocument/documentSymbol in 24ms

15:57:29.865 [debug] sent notification server -> client window/logMessage

15:57:29.865 id=69 [debug] handled request client -> server textDocument/documentSymbol in 1ms

15:57:32.206 [debug] handled notification client -> server $/cancelRequest in 204µs

15:57:34.889 [debug] handled notification client -> server textDocument/didChange in 410µs

15:57:34.984 [debug] sent notification server -> client window/logMessage

15:57:34.984 id=71 [debug] handled request client -> server textDocument/documentSymbol in 1ms

15:57:35.074 [debug] sent notification server -> client window/logMessage

15:57:35.074 id=72 [debug] handled request client -> server textDocument/documentSymbol in 1ms

15:57:36.413 [debug] handled notification client -> server textDocument/didChange in 614µs

15:57:36.516 id=73 [debug] handled request client -> server textDocument/documentSymbol in 1ms

15:57:36.594 id=74 [debug] handled request client -> server textDocument/documentSymbol in 1ms

15:57:37.944 id=75 [debug] handled request client -> server textDocument/documentSymbol in 2ms

15:57:44.421 [debug] handled notification client -> server $/cancelRequest in 410µs

15:57:46.112 id=77 [debug] handled request client -> server textDocument/hover in 1004ms

15:57:48.009 [debug] handled notification client -> server textDocument/didChange in 512µs

15:57:48.116 id=78 [debug] handled request client -> server textDocument/documentSymbol in 2ms

15:57:49.187 [debug] handled notification client -> server textDocument/didChange in 717µs

15:57:49.294 [debug] sent notification server -> client window/logMessage

15:57:49.294 id=79 [debug] handled request client -> server textDocument/documentSymbol in 1ms

15:57:49.809 [debug] handled notification client -> server textDocument/didChange in 614µs

15:57:50.115 [debug] handled notification client -> server textDocument/didChange in 615µs

15:57:50.215 id=80 [debug] handled request client -> server textDocument/documentSymbol in 2ms

15:57:51.830 id=81 [debug] handled request client -> server textDocument/documentSymbol in 2ms

15:57:55.626 [debug] handled notification client -> server textDocument/didChange in 410µs

15:57:55.717 [debug] sent notification server -> client window/logMessage

15:57:55.717 id=82 [debug] handled request client -> server textDocument/documentSymbol in 1ms

15:57:56.975 [debug] sent notification server -> client window/logMessage

15:57:56.975 id=83 [debug] handled request client -> server textDocument/documentSymbol in 2ms

15:58:06.624 [debug] handled notification client -> server textDocument/didChange in 512µs

15:58:06.715 id=84 [debug] handled request client -> server textDocument/documentSymbol in 2ms

15:58:07.447 id=85 [debug] handled request client -> server textDocument/documentSymbol in 2ms

15:58:08.618 [debug] handled notification client -> server textDocument/didChange in 512µs

15:58:08.904 [debug] handled notification client -> server textDocument/didChange in 614µs

15:58:08.996 [debug] handled notification client -> server textDocument/didChange in 512µs

15:58:08.998 id=86 [debug] handled request client -> server textDocument/documentSymbol in 2ms

15:58:10.028 [debug] handled notification client -> server textDocument/didChange in 512µs

15:58:10.127 id=87 [debug] handled request client -> server textDocument/documentSymbol in 2ms

15:58:10.825 id=88 [debug] handled request client -> server textDocument/documentSymbol in 2ms

15:58:11.934 [debug] handled notification client -> server textDocument/didChange in 615µs

15:58:12.026 id=89 [debug] handled request client -> server textDocument/documentSymbol in 3ms

15:58:12.507 [debug] handled notification client -> server textDocument/didChange in 512µs

15:58:12.605 id=90 [debug] handled request client -> server textDocument/documentSymbol in 2ms

15:58:12.965 [debug] handled notification client -> server textDocument/didChange in 614µs

15:58:13.064 id=91 [debug] handled request client -> server textDocument/documentSymbol in 1ms

15:58:13.908 [debug] handled notification client -> server textDocument/didChange in 615µs

15:58:14.014 id=92 [debug] handled request client -> server textDocument/documentSymbol in 2ms

15:58:14.614 id=93 [debug] handled request client -> server textDocument/documentSymbol in 2ms

15:58:15.488 [debug] handled notification client -> server textDocument/didChange in 410µs

15:58:15.584 id=94 [debug] handled request client -> server textDocument/documentSymbol in 1ms

15:58:16.193 id=95 [debug] handled request client -> server textDocument/documentSymbol in 3ms

15:58:16.828 [debug] handled notification client -> server textDocument/didSave in 1ms

15:58:17.307 [debug] handled notification client -> server workspace/didChangeWatchedFiles in 409µs

15:58:18.147 id=96 [debug] handled request client -> server textDocument/documentSymbol in 1ms

15:58:22.956 [debug] handled notification client -> server $/cancelRequest in 103µs

15:58:23.290 [debug] handled notification client -> server $/cancelRequest in 205µs

15:58:25.968 [debug] handled notification client -> server textDocument/didChange in 512µs

15:58:26.068 id=99 [debug] handled request client -> server textDocument/documentSymbol in 1ms

15:58:26.215 id=100 [debug] handled request client -> server textDocument/documentSymbol in 1ms

15:58:27.032 [debug] handled notification client -> server textDocument/didChange in 1ms

15:58:27.033 [debug] handled notification client -> server textDocument/didSave in 922µs

15:58:27.345 [debug] handled notification client -> server workspace/didChangeWatchedFiles in 410µs

15:58:27.347 id=101 [debug] handled request client -> server textDocument/documentSymbol in 1ms

15:58:27.544 id=102 [debug] handled request client -> server textDocument/documentSymbol in 1ms

15:58:46.858 [debug] handled notification client -> server $/cancelRequest in 205µs

15:58:47.890 [debug] handled notification client -> server $/cancelRequest in 205µs

15:58:48.046 [debug] handled notification client -> server $/cancelRequest in 205µs

15:58:48.897 [error] ** (Protocol.UndefinedError) protocol Enumerable not implemented for %GenLSP.ErrorResponse{message: "Timeout", code: -32603, data: nil} of type GenLSP.ErrorResponse (a struct). This protocol is implemented for the following type(s): DBConnection.PrepareStream, DBConnection.Stream, Date.Range, Exqlite.Stream, File.Stream, Function, GenEvent.Stream, HashDict, HashSet, IO.Stream, Jason.OrderedObject, List, Map, MapSet, Range, Stream
    (elixir 1.17.3) lib/enum.ex:1: Enumerable.impl_for!/1
    (elixir 1.17.3) lib/enum.ex:166: Enumerable.reduce/3
    (elixir 1.17.3) lib/enum.ex:4423: Enum.reject/2
    (next_ls 0.23.4) lib/next_ls.ex:241: NextLS.handle_request/2
    (gen_lsp 0.11.0) lib/gen_lsp.ex:372: anonymous fn/2 in GenLSP.loop/3
    (telemetry 1.3.0) /Users/runner/work/next-ls/next-ls/deps/telemetry/src/telemetry.erl:324: :telemetry.span/3
    (gen_lsp 0.11.0) lib/gen_lsp.ex:371: anonymous fn/5 in GenLSP.loop/3
    (gen_lsp 0.11.0) lib/gen_lsp.ex:601: anonymous fn/4 in GenLSP.attempt/4


15:58:48.897 [debug] sent notification server -> client window/logMessage

15:58:48.945 id=107 [debug] handled request client -> server textDocument/documentSymbol in 3ms

16:00:51.843 [debug] handled notification client -> server textDocument/didOpen in 615µs

16:00:51.852 id=108 [debug] handled request client -> server textDocument/documentSymbol in 717µs

16:00:52.144 id=109 [debug] handled request client -> server textDocument/documentSymbol in 1ms

16:00:54.986 [debug] handled notification client -> server textDocument/didChange in 409µs

16:00:55.090 [debug] handled notification client -> server textDocument/didChange in 410µs

16:00:55.090 id=110 [debug] handled request client -> server textDocument/documentSymbol in 614µs

16:00:55.419 id=111 [debug] handled request client -> server textDocument/documentSymbol in 614µs

16:00:55.955 id=112 [debug] handled request client -> server textDocument/documentSymbol in 717µs

16:00:56.606 [debug] handled notification client -> server textDocument/didSave in 614µs

16:00:56.984 [debug] handled notification client -> server workspace/didChangeWatchedFiles in 409µs

16:01:23.144 id=113 [debug] handled request client -> server textDocument/documentSymbol in 3ms

16:01:24.885 [debug] handled notification client -> server textDocument/didChange in 615µs

16:01:24.994 id=114 [debug] handled request client -> server textDocument/documentSymbol in 1ms

16:01:25.498 [debug] handled notification client -> server textDocument/didChange in 922µs

16:01:25.500 [debug] handled notification client -> server textDocument/didSave in 819µs

16:01:25.824 id=115 [debug] handled request client -> server textDocument/documentSymbol in 1ms

16:01:25.883 [debug] handled notification client -> server workspace/didChangeWatchedFiles in 410µs

16:01:26.744 [debug] handled notification client -> server textDocument/didChange in 716µs

16:01:26.844 id=116 [debug] handled request client -> server textDocument/documentSymbol in 1ms

16:01:26.964 [debug] handled notification client -> server textDocument/didChange in 512µs

16:01:27.152 [debug] handled notification client -> server $/cancelRequest in 307µs

16:01:27.159 [debug] handled notification client -> server $/cancelRequest in 307µs

16:01:27.284 id=120 [debug] handled request client -> server textDocument/documentSymbol in 3ms

16:01:28.173 [error] ** (Protocol.UndefinedError) protocol Enumerable not implemented for %GenLSP.ErrorResponse{message: "Timeout", code: -32603, data: nil} of type GenLSP.ErrorResponse (a struct). This protocol is implemented for the following type(s): DBConnection.PrepareStream, DBConnection.Stream, Date.Range, Exqlite.Stream, File.Stream, Function, GenEvent.Stream, HashDict, HashSet, IO.Stream, Jason.OrderedObject, List, Map, MapSet, Range, Stream
    (elixir 1.17.3) lib/enum.ex:1: Enumerable.impl_for!/1
    (elixir 1.17.3) lib/enum.ex:166: Enumerable.reduce/3
    (elixir 1.17.3) lib/enum.ex:4423: Enum.reject/2
    (next_ls 0.23.4) lib/next_ls.ex:241: NextLS.handle_request/2
    (gen_lsp 0.11.0) lib/gen_lsp.ex:372: anonymous fn/2 in GenLSP.loop/3
    (telemetry 1.3.0) /Users/runner/work/next-ls/next-ls/deps/telemetry/src/telemetry.erl:324: :telemetry.span/3
    (gen_lsp 0.11.0) lib/gen_lsp.ex:371: anonymous fn/5 in GenLSP.loop/3
    (gen_lsp 0.11.0) lib/gen_lsp.ex:601: anonymous fn/4 in GenLSP.attempt/4


16:01:28.173 [debug] sent notification server -> client window/logMessage

16:01:29.259 id=121 [debug] handled request client -> server textDocument/documentSymbol in 5ms

16:02:04.727 [debug] handled notification client -> server textDocument/didChange in 410µs

16:02:04.834 id=122 [debug] handled request client -> server textDocument/documentSymbol in 2ms

16:02:05.572 [debug] handled notification client -> server textDocument/didChange in 410µs

16:02:05.665 id=123 [debug] handled request client -> server textDocument/documentSymbol in 2ms

16:02:08.117 id=124 [debug] handled request client -> server textDocument/documentSymbol in 2ms

16:02:09.427 id=125 [debug] handled request client -> server textDocument/hover in 1004ms

16:02:11.114 [debug] handled notification client -> server textDocument/didChange in 922µs

16:02:11.115 [debug] handled notification client -> server textDocument/didSave in 717µs

16:02:11.425 [debug] handled notification client -> server workspace/didChangeWatchedFiles in 512µs

16:02:11.446 id=126 [debug] handled request client -> server textDocument/documentSymbol in 3ms

16:02:13.540 id=127 [debug] handled request client -> server textDocument/documentSymbol in 3ms

16:02:46.206 [debug] handled notification client -> server $/cancelRequest in 204µs

16:02:46.546 [debug] handled notification client -> server $/cancelRequest in 205µs

16:02:47.810 [debug] handled notification client -> server $/cancelRequest in 205µs

16:03:06.925 [debug] handled notification client -> server textDocument/didChange in 410µs

16:03:07.042 id=131 [debug] handled request client -> server textDocument/documentSymbol in 2ms

16:03:09.530 id=132 [debug] handled request client -> server textDocument/documentSymbol in 3ms

16:03:10.208 [debug] handled notification client -> server textDocument/didChange in 410µs

16:03:10.324 [debug] sent notification server -> client window/logMessage

16:03:10.324 id=133 [debug] handled request client -> server textDocument/documentSymbol in 13ms

16:03:10.628 [debug] handled notification client -> server textDocument/didChange in 820µs

16:03:10.629 [debug] handled notification client -> server textDocument/didSave in 1ms

16:03:10.964 [debug] sent notification server -> client window/logMessage

16:03:10.964 id=134 [debug] handled request client -> server textDocument/documentSymbol in 1ms

16:03:10.999 [debug] handled notification client -> server workspace/didChangeWatchedFiles in 615µs

16:03:13.445 [debug] sent notification server -> client window/logMessage

16:03:13.445 id=135 [debug] handled request client -> server textDocument/documentSymbol in 1ms

16:03:19.285 [debug] handled notification client -> server textDocument/didChange in 614µs

16:03:19.387 [debug] sent notification server -> client window/logMessage

16:03:19.387 id=136 [debug] handled request client -> server textDocument/documentSymbol in 1ms

16:03:20.364 [debug] handled notification client -> server textDocument/didChange in 615µs

16:03:20.467 id=137 [debug] handled request client -> server textDocument/documentSymbol in 2ms

16:03:22.087 id=138 [debug] handled request client -> server textDocument/documentSymbol in 2ms

16:03:43.526 [debug] handled notification client -> server $/cancelRequest in 205µs

16:03:48.361 [debug] handled notification client -> server $/cancelRequest in 205µs

16:03:55.025 [debug] handled notification client -> server textDocument/didChange in 717µs

16:03:55.124 id=141 [debug] handled request client -> server textDocument/documentSymbol in 2ms

16:03:56.764 id=142 [debug] handled request client -> server textDocument/documentSymbol in 2ms

16:03:57.221 [debug] handled notification client -> server $/cancelRequest in 205µs

16:04:03.650 [debug] handled notification client -> server $/cancelRequest in 205µs

16:04:04.041 [debug] handled notification client -> server $/cancelRequest in 205µs

16:04:04.818 [debug] handled notification client -> server $/cancelRequest in 103µs

16:04:05.227 [debug] handled notification client -> server $/cancelRequest in 307µs

16:04:07.897 [debug] handled notification client -> server $/cancelRequest in 204µs

16:04:08.215 [debug] handled notification client -> server $/cancelRequest in 205µs

16:04:20.350 [debug] handled notification client -> server $/cancelRequest in 205µs

16:04:21.674 [debug] handled notification client -> server $/cancelRequest in 205µs

16:04:25.232 [debug] handled notification client -> server textDocument/didChange in 512µs

16:04:25.325 id=152 [debug] handled request client -> server textDocument/documentSymbol in 2ms

16:04:26.304 id=153 [debug] handled request client -> server textDocument/documentSymbol in 2ms

16:04:27.559 [debug] handled notification client -> server textDocument/didChange in 410µs

16:04:27.667 id=154 [debug] handled request client -> server textDocument/documentSymbol in 2ms

16:04:28.321 [debug] handled notification client -> server textDocument/didChange in 614µs

16:04:28.424 id=155 [debug] handled request client -> server textDocument/documentSymbol in 2ms

16:04:29.429 id=156 [debug] handled request client -> server textDocument/documentSymbol in 2ms

16:04:30.808 [debug] handled notification client -> server textDocument/didChange in 512µs

16:04:30.904 id=157 [debug] handled request client -> server textDocument/documentSymbol in 2ms

16:04:31.921 id=159 [debug] handled request client -> server textDocument/documentSymbol in 2ms

16:04:31.973 [debug] handled notification client -> server $/cancelRequest in 308µs

16:04:32.222 [debug] handled notification client -> server $/cancelRequest in 307µs

16:04:32.698 [debug] handled notification client -> server $/cancelRequest in 308µs

16:04:47.205 [debug] handled notification client -> server textDocument/didChange in 512µs

16:04:47.298 id=162 [debug] handled request client -> server textDocument/documentSymbol in 2ms

16:04:48.135 [debug] handled notification client -> server textDocument/didChange in 615µs

16:04:48.236 id=163 [debug] handled request client -> server textDocument/documentSymbol in 2ms

16:04:48.938 id=164 [debug] handled request client -> server textDocument/documentSymbol in 2ms

16:04:54.195 [debug] handled notification client -> server textDocument/didChange in 512µs

16:04:54.294 id=165 [debug] handled request client -> server textDocument/documentSymbol in 2ms

16:04:55.016 id=166 [debug] handled request client -> server textDocument/documentSymbol in 2ms

16:04:55.366 [debug] handled notification client -> server textDocument/didChange in 819µs

16:04:55.367 [debug] handled notification client -> server textDocument/didSave in 512µs

16:04:55.694 id=167 [debug] handled request client -> server textDocument/documentSymbol in 2ms

16:04:55.733 [debug] handled notification client -> server workspace/didChangeWatchedFiles in 409µs

16:04:56.415 id=168 [debug] handled request client -> server textDocument/documentSymbol in 2ms

16:10:05.777 id=169 [debug] handled request client -> server textDocument/documentSymbol in 3ms

16:10:08.566 [debug] handled notification client -> server $/cancelRequest in 205µs

16:10:10.066 id=171 [debug] handled request client -> server textDocument/documentSymbol in 2ms

16:10:13.223 [debug] handled notification client -> server $/cancelRequest in 205µs

16:10:23.820 [debug] handled notification client -> server textDocument/didChange in 512µs

16:10:23.924 id=173 [debug] handled request client -> server textDocument/documentSymbol in 2ms

16:10:24.697 [debug] handled notification client -> server textDocument/didSave in 819µs

16:10:24.858 [debug] handled notification client -> server $/cancelRequest in 307µs

16:10:25.015 [debug] handled notification client -> server workspace/didChangeWatchedFiles in 410µs

16:10:25.258 [debug] handled notification client -> server $/cancelRequest in 307µs

16:10:25.534 id=177 [debug] handled request client -> server textDocument/documentSymbol in 3ms

16:10:25.865 [error] ** (Protocol.UndefinedError) protocol Enumerable not implemented for %GenLSP.ErrorResponse{message: "Timeout", code: -32603, data: nil} of type GenLSP.ErrorResponse (a struct). This protocol is implemented for the following type(s): DBConnection.PrepareStream, DBConnection.Stream, Date.Range, Exqlite.Stream, File.Stream, Function, GenEvent.Stream, HashDict, HashSet, IO.Stream, Jason.OrderedObject, List, Map, MapSet, Range, Stream
    (elixir 1.17.3) lib/enum.ex:1: Enumerable.impl_for!/1
    (elixir 1.17.3) lib/enum.ex:166: Enumerable.reduce/3
    (elixir 1.17.3) lib/enum.ex:4423: Enum.reject/2
    (next_ls 0.23.4) lib/next_ls.ex:241: NextLS.handle_request/2
    (gen_lsp 0.11.0) lib/gen_lsp.ex:372: anonymous fn/2 in GenLSP.loop/3
    (telemetry 1.3.0) /Users/runner/work/next-ls/next-ls/deps/telemetry/src/telemetry.erl:324: :telemetry.span/3
    (gen_lsp 0.11.0) lib/gen_lsp.ex:371: anonymous fn/5 in GenLSP.loop/3
    (gen_lsp 0.11.0) lib/gen_lsp.ex:601: anonymous fn/4 in GenLSP.attempt/4


16:10:25.865 [debug] sent notification server -> client window/logMessage

16:10:28.548 id=178 [debug] handled request client -> server textDocument/documentSymbol in 3ms

16:11:05.720 [debug] handled notification client -> server $/cancelRequest in 205µs

16:11:08.384 [debug] handled notification client -> server $/cancelRequest in 307µs

16:11:09.002 [debug] handled notification client -> server $/cancelRequest in 308µs

16:11:09.821 [debug] handled notification client -> server $/cancelRequest in 102µs

16:11:10.039 [debug] handled notification client -> server $/cancelRequest in 205µs

16:11:11.118 [debug] handled notification client -> server $/cancelRequest in 205µs

16:11:19.241 [debug] handled notification client -> server textDocument/didChange in 512µs

16:11:19.349 id=185 [debug] handled request client -> server textDocument/documentSymbol in 2ms

16:11:20.265 [debug] handled notification client -> server textDocument/didChange in 922µs

16:11:20.267 [debug] handled notification client -> server textDocument/didSave in 1ms

16:11:20.590 [debug] handled notification client -> server workspace/didChangeWatchedFiles in 409µs

16:11:20.594 id=187 [debug] handled request client -> server textDocument/documentSymbol in 2ms

16:11:21.524 [error] ** (Protocol.UndefinedError) protocol Enumerable not implemented for %GenLSP.ErrorResponse{message: "Timeout", code: -32603, data: nil} of type GenLSP.ErrorResponse (a struct). This protocol is implemented for the following type(s): DBConnection.PrepareStream, DBConnection.Stream, Date.Range, Exqlite.Stream, File.Stream, Function, GenEvent.Stream, HashDict, HashSet, IO.Stream, Jason.OrderedObject, List, Map, MapSet, Range, Stream
    (elixir 1.17.3) lib/enum.ex:1: Enumerable.impl_for!/1
    (elixir 1.17.3) lib/enum.ex:166: Enumerable.reduce/3
    (elixir 1.17.3) lib/enum.ex:4423: Enum.reject/2
    (next_ls 0.23.4) lib/next_ls.ex:241: NextLS.handle_request/2
    (gen_lsp 0.11.0) lib/gen_lsp.ex:372: anonymous fn/2 in GenLSP.loop/3
    (telemetry 1.3.0) /Users/runner/work/next-ls/next-ls/deps/telemetry/src/telemetry.erl:324: :telemetry.span/3
    (gen_lsp 0.11.0) lib/gen_lsp.ex:371: anonymous fn/5 in GenLSP.loop/3
    (gen_lsp 0.11.0) lib/gen_lsp.ex:601: anonymous fn/4 in GenLSP.attempt/4


16:11:21.524 [debug] sent notification server -> client window/logMessage

16:11:22.664 id=188 [debug] handled request client -> server textDocument/documentSymbol in 2ms

16:15:06.050 [debug] handled notification client -> server textDocument/didOpen in 614µs

16:15:06.061 id=189 [debug] handled request client -> server textDocument/documentSymbol in 2ms

16:15:06.355 id=190 [debug] handled request client -> server textDocument/documentSymbol in 2ms

16:15:14.959 id=191 [debug] handled request client -> server textDocument/documentSymbol in 1ms

16:15:23.361 [debug] handled notification client -> server $/cancelRequest in 410µs

16:15:23.827 [debug] handled notification client -> server $/cancelRequest in 205µs

16:15:24.695 [debug] handled notification client -> server $/cancelRequest in 205µs

16:15:40.719 [debug] handled notification client -> server $/cancelRequest in 205µs

16:15:41.519 [debug] handled notification client -> server $/cancelRequest in 205µs

16:15:47.926 [debug] handled notification client -> server $/cancelRequest in 204µs

16:16:02.636 [debug] handled notification client -> server $/cancelRequest in 103µs

16:16:03.395 [debug] handled notification client -> server $/cancelRequest in 308µs

16:16:05.623 [debug] handled notification client -> server textDocument/didChange in 410µs

16:16:05.719 [debug] sent notification server -> client window/logMessage

16:16:05.720 id=200 [debug] handled request client -> server textDocument/documentSymbol in 922µs

16:16:06.316 [debug] handled notification client -> server textDocument/didChange in 307µs

16:16:06.416 [debug] sent notification server -> client window/logMessage

16:16:06.416 id=201 [debug] handled request client -> server textDocument/documentSymbol in 921µs

16:16:06.976 [debug] handled notification client -> server textDocument/didChange in 512µs

16:16:07.075 [debug] sent notification server -> client window/logMessage

16:16:07.080 id=202 [debug] handled request client -> server textDocument/documentSymbol in 921µs

16:16:07.635 [debug] handled notification client -> server textDocument/didChange in 307µs

16:16:07.736 [debug] sent notification server -> client window/logMessage

16:16:07.736 id=203 [debug] handled request client -> server textDocument/documentSymbol in 1ms

16:16:08.454 [debug] sent notification server -> client window/logMessage

16:16:08.454 id=204 [debug] handled request client -> server textDocument/documentSymbol in 819µs

16:16:08.929 [debug] handled notification client -> server textDocument/didChange in 409µs

16:16:09.025 [debug] sent notification server -> client window/logMessage

16:16:09.025 id=205 [debug] handled request client -> server textDocument/documentSymbol in 1ms

16:16:09.624 [debug] sent notification server -> client window/logMessage

16:16:09.624 id=206 [debug] handled request client -> server textDocument/documentSymbol in 1ms

16:16:09.973 [debug] handled notification client -> server textDocument/didChange in 307µs

16:16:10.084 [debug] handled notification client -> server textDocument/didChange in 717µs

16:16:10.085 [debug] sent notification server -> client window/logMessage

16:16:10.085 id=207 [debug] handled request client -> server textDocument/documentSymbol in 1ms

16:16:10.410 [debug] sent notification server -> client window/logMessage

16:16:10.410 id=208 [debug] handled request client -> server textDocument/documentSymbol in 921µs

16:16:10.827 [debug] handled notification client -> server textDocument/didChange in 308µs

16:16:11.095 [debug] handled notification client -> server textDocument/didChange in 615µs

16:16:11.204 [debug] sent notification server -> client window/logMessage

16:16:11.204 id=209 [debug] handled request client -> server textDocument/documentSymbol in 1ms

16:16:11.816 [debug] handled notification client -> server textDocument/didChange in 409µs

16:16:11.926 [debug] sent notification server -> client window/logMessage

16:16:11.927 id=210 [debug] handled request client -> server textDocument/documentSymbol in 1ms

16:16:12.493 [debug] sent notification server -> client window/logMessage

16:16:12.493 id=211 [debug] handled request client -> server textDocument/documentSymbol in 819µs

16:16:12.848 [debug] handled notification client -> server textDocument/didChange in 409µs

16:16:12.955 id=212 [debug] handled request client -> server textDocument/documentSymbol in 1ms

16:16:13.525 id=213 [debug] handled request client -> server textDocument/documentSymbol in 1ms

16:16:15.255 [debug] handled notification client -> server textDocument/didSave in 717µs

16:16:15.563 [debug] handled notification client -> server workspace/didChangeWatchedFiles in 409µs

16:22:31.406 id=214 [debug] handled request client -> server textDocument/hover in 1013ms

16:28:16.520 [debug] handled notification client -> server textDocument/didClose in 205µs

16:28:16.535 [debug] handled notification client -> server textDocument/didOpen in 922µs

16:28:16.548 id=215 [debug] handled request client -> server textDocument/documentSymbol in 922µs

16:28:16.839 id=216 [debug] handled request client -> server textDocument/documentSymbol in 615µs

16:28:20.444 [debug] handled notification client -> server textDocument/didClose in 308µs

16:28:20.455 [debug] handled notification client -> server textDocument/didOpen in 512µs

16:28:20.470 id=217 [debug] handled request client -> server textDocument/documentSymbol in 2ms

16:28:20.764 id=218 [debug] handled request client -> server textDocument/documentSymbol in 2ms

16:28:21.414 [debug] handled notification client -> server $/cancelRequest in 205µs

16:28:21.823 [debug] handled notification client -> server $/cancelRequest in 205µs

16:28:22.983 id=221 [debug] handled request client -> server textDocument/hover in 1002ms

16:28:27.673 [debug] handled notification client -> server textDocument/didClose in 205µs

16:28:27.685 [debug] handled notification client -> server textDocument/didOpen in 205µs

16:28:27.695 id=222 [debug] handled request client -> server textDocument/documentSymbol in 1ms

16:28:27.985 id=223 [debug] handled request client -> server textDocument/documentSymbol in 1ms

16:33:59.742 [debug] handled notification client -> server textDocument/didClose in 205µs

16:33:59.764 [debug] handled notification client -> server textDocument/didOpen in 819µs

16:33:59.777 id=224 [debug] handled request client -> server textDocument/documentSymbol in 1ms

16:34:00.066 id=225 [debug] handled request client -> server textDocument/documentSymbol in 1ms

16:34:01.687 [debug] handled notification client -> server textDocument/didChange in 512µs

16:34:01.787 id=226 [debug] handled request client -> server textDocument/documentSymbol in 1ms

16:34:02.511 [debug] handled notification client -> server textDocument/didChange in 819µs

16:34:02.511 [debug] handled notification client -> server textDocument/didSave in 820µs

16:34:02.838 [debug] handled notification client -> server workspace/didChangeWatchedFiles in 307µs

16:34:02.844 id=227 [debug] handled request client -> server textDocument/documentSymbol in 1ms

16:34:03.974 id=228 [debug] handled request client -> server textDocument/documentSymbol in 2ms

16:34:05.264 [debug] handled notification client -> server $/cancelRequest in 410µs

16:34:19.829 [debug] handled notification client -> server $/cancelRequest in 204µs

16:34:20.744 [debug] handled notification client -> server textDocument/didOpen in 819µs

16:34:20.758 id=231 [debug] handled request client -> server textDocument/documentSymbol in 1ms

16:34:21.073 id=232 [debug] handled request client -> server textDocument/documentSymbol in 1ms

16:34:22.639 [debug] handled notification client -> server textDocument/didChange in 717µs

16:34:22.697 [debug] handled notification client -> server $/cancelRequest in 205µs

16:34:22.873 id=235 [debug] handled request client -> server textDocument/documentSymbol in 1ms

16:34:23.465 id=236 [debug] handled request client -> server textDocument/documentSymbol in 1ms

16:34:23.705 [error] ** (Protocol.UndefinedError) protocol Enumerable not implemented for %GenLSP.ErrorResponse{message: "Timeout", code: -32603, data: nil} of type GenLSP.ErrorResponse (a struct). This protocol is implemented for the following type(s): DBConnection.PrepareStream, DBConnection.Stream, Date.Range, Exqlite.Stream, File.Stream, Function, GenEvent.Stream, HashDict, HashSet, IO.Stream, Jason.OrderedObject, List, Map, MapSet, Range, Stream
    (elixir 1.17.3) lib/enum.ex:1: Enumerable.impl_for!/1
    (elixir 1.17.3) lib/enum.ex:166: Enumerable.reduce/3
    (elixir 1.17.3) lib/enum.ex:4423: Enum.reject/2
    (next_ls 0.23.4) lib/next_ls.ex:241: NextLS.handle_request/2
    (gen_lsp 0.11.0) lib/gen_lsp.ex:372: anonymous fn/2 in GenLSP.loop/3
    (telemetry 1.3.0) /Users/runner/work/next-ls/next-ls/deps/telemetry/src/telemetry.erl:324: :telemetry.span/3
    (gen_lsp 0.11.0) lib/gen_lsp.ex:371: anonymous fn/5 in GenLSP.loop/3
    (gen_lsp 0.11.0) lib/gen_lsp.ex:601: anonymous fn/4 in GenLSP.attempt/4


16:34:23.705 [debug] sent notification server -> client window/logMessage

16:34:24.072 [debug] handled notification client -> server textDocument/didChange in 512µs

16:34:24.072 [debug] handled notification client -> server textDocument/didSave in 512µs

16:34:24.396 id=237 [debug] handled request client -> server textDocument/documentSymbol in 1ms

16:34:24.451 [debug] handled notification client -> server workspace/didChangeWatchedFiles in 409µs

16:34:24.566 id=238 [debug] handled request client -> server textDocument/documentSymbol in 1ms

16:34:35.474 [debug] handled notification client -> server textDocument/didOpen in 308µs

16:34:35.488 id=239 [debug] handled request client -> server textDocument/documentSymbol in 1ms

16:34:35.774 id=240 [debug] handled request client -> server textDocument/documentSymbol in 1ms

16:34:37.843 [debug] handled notification client -> server textDocument/didChange in 307µs

16:34:37.953 id=241 [debug] handled request client -> server textDocument/documentSymbol in 1ms

16:34:38.351 [debug] handled notification client -> server textDocument/didChange in 409µs

16:34:38.352 [debug] handled notification client -> server textDocument/didSave in 512µs

16:34:38.687 id=242 [debug] handled request client -> server textDocument/documentSymbol in 2ms

16:34:38.765 [debug] handled notification client -> server workspace/didChangeWatchedFiles in 512µs

16:34:39.124 id=243 [debug] handled request client -> server textDocument/documentSymbol in 1ms

16:34:56.767 [debug] handled notification client -> server textDocument/didOpen in 1ms

16:34:56.780 id=244 [debug] handled request client -> server textDocument/documentSymbol in 2ms

16:34:57.109 id=245 [debug] handled request client -> server textDocument/documentSymbol in 1ms

16:34:59.058 [debug] handled notification client -> server textDocument/didChange in 512µs

16:34:59.162 id=246 [debug] handled request client -> server textDocument/documentSymbol in 2ms

16:34:59.575 [debug] handled notification client -> server textDocument/didChange in 922µs

16:34:59.575 [debug] handled notification client -> server textDocument/didSave in 1ms

16:34:59.906 id=247 [debug] handled request client -> server textDocument/documentSymbol in 3ms

16:34:59.949 [debug] handled notification client -> server workspace/didChangeWatchedFiles in 410µs

16:35:00.525 id=248 [debug] handled request client -> server textDocument/documentSymbol in 2ms

16:35:51.666 [debug] handled notification client -> server textDocument/didSave in 819µs

16:35:51.749 [debug] handled notification client -> server $/cancelRequest in 307µs

16:35:51.988 [debug] handled notification client -> server workspace/didChangeWatchedFiles in 409µs

16:35:52.761 [error] ** (Protocol.UndefinedError) protocol Enumerable not implemented for %GenLSP.ErrorResponse{message: "Timeout", code: -32603, data: nil} of type GenLSP.ErrorResponse (a struct). This protocol is implemented for the following type(s): DBConnection.PrepareStream, DBConnection.Stream, Date.Range, Exqlite.Stream, File.Stream, Function, GenEvent.Stream, HashDict, HashSet, IO.Stream, Jason.OrderedObject, List, Map, MapSet, Range, Stream
    (elixir 1.17.3) lib/enum.ex:1: Enumerable.impl_for!/1
    (elixir 1.17.3) lib/enum.ex:166: Enumerable.reduce/3
    (elixir 1.17.3) lib/enum.ex:4423: Enum.reject/2
    (next_ls 0.23.4) lib/next_ls.ex:241: NextLS.handle_request/2
    (gen_lsp 0.11.0) lib/gen_lsp.ex:372: anonymous fn/2 in GenLSP.loop/3
    (telemetry 1.3.0) /Users/runner/work/next-ls/next-ls/deps/telemetry/src/telemetry.erl:324: :telemetry.span/3
    (gen_lsp 0.11.0) lib/gen_lsp.ex:371: anonymous fn/5 in GenLSP.loop/3
    (gen_lsp 0.11.0) lib/gen_lsp.ex:601: anonymous fn/4 in GenLSP.attempt/4


16:35:52.761 [debug] sent notification server -> client window/logMessage

16:37:15.147 id=251 [debug] handled request client -> server textDocument/documentSymbol in 1ms

16:38:14.874 id=252 [debug] handled request client -> server textDocument/documentSymbol in 3ms

16:40:06.599 [debug] handled notification client -> server textDocument/didOpen in 409µs

16:40:06.608 id=253 [debug] handled request client -> server textDocument/documentSymbol in 717µs

16:40:06.904 id=254 [debug] handled request client -> server textDocument/documentSymbol in 819µs

16:40:07.724 [debug] handled notification client -> server $/cancelRequest in 204µs

16:40:10.472 [debug] handled notification client -> server $/cancelRequest in 205µs

16:40:10.731 [debug] handled notification client -> server $/cancelRequest in 204µs

16:40:11.590 [debug] handled notification client -> server $/cancelRequest in 204µs

16:40:19.739 [debug] handled notification client -> server $/cancelRequest in 410µs

16:40:21.070 [debug] handled notification client -> server textDocument/didChange in 512µs

16:40:21.189 [debug] handled notification client -> server textDocument/didChange in 410µs

16:40:21.189 id=260 [debug] handled request client -> server textDocument/documentSymbol in 819µs

16:40:21.516 id=261 [debug] handled request client -> server textDocument/documentSymbol in 922µs

16:40:22.314 id=262 [debug] handled request client -> server textDocument/documentSymbol in 1ms

16:40:23.378 [debug] handled notification client -> server textDocument/didChange in 512µs

16:40:23.475 id=263 [debug] handled request client -> server textDocument/documentSymbol in 1ms

16:40:24.066 id=264 [debug] handled request client -> server textDocument/documentSymbol in 1ms

16:40:25.170 [debug] handled notification client -> server textDocument/didSave in 922µs

16:40:25.484 [debug] handled notification client -> server workspace/didChangeWatchedFiles in 512µs

16:46:17.092 id=265 [debug] handled request client -> server textDocument/documentSymbol in 1ms

16:46:27.939 [debug] handled notification client -> server $/cancelRequest in 308µs

16:46:28.712 [debug] handled notification client -> server $/cancelRequest in 307µs

16:46:28.712 [debug] handled notification client -> server textDocument/didChange in 409µs

16:46:29.060 id=269 [debug] handled request client -> server textDocument/documentSymbol in 1ms

16:46:29.383 id=270 [debug] handled request client -> server textDocument/documentSymbol in 922µs

16:46:29.715 [error] ** (Protocol.UndefinedError) protocol Enumerable not implemented for %GenLSP.ErrorResponse{message: "Timeout", code: -32603, data: nil} of type GenLSP.ErrorResponse (a struct). This protocol is implemented for the following type(s): DBConnection.PrepareStream, DBConnection.Stream, Date.Range, Exqlite.Stream, File.Stream, Function, GenEvent.Stream, HashDict, HashSet, IO.Stream, Jason.OrderedObject, List, Map, MapSet, Range, Stream
    (elixir 1.17.3) lib/enum.ex:1: Enumerable.impl_for!/1
    (elixir 1.17.3) lib/enum.ex:166: Enumerable.reduce/3
    (elixir 1.17.3) lib/enum.ex:4423: Enum.reject/2
    (next_ls 0.23.4) lib/next_ls.ex:241: NextLS.handle_request/2
    (gen_lsp 0.11.0) lib/gen_lsp.ex:372: anonymous fn/2 in GenLSP.loop/3
    (telemetry 1.3.0) /Users/runner/work/next-ls/next-ls/deps/telemetry/src/telemetry.erl:324: :telemetry.span/3
    (gen_lsp 0.11.0) lib/gen_lsp.ex:371: anonymous fn/5 in GenLSP.loop/3
    (gen_lsp 0.11.0) lib/gen_lsp.ex:601: anonymous fn/4 in GenLSP.attempt/4


16:46:29.715 [debug] sent notification server -> client window/logMessage

16:46:33.814 [debug] handled notification client -> server textDocument/didChange in 410µs

16:46:33.915 id=271 [debug] handled request client -> server textDocument/documentSymbol in 922µs

16:46:34.059 id=272 [debug] handled request client -> server textDocument/documentSymbol in 819µs

16:46:36.154 [debug] handled notification client -> server textDocument/didChange in 717µs

16:46:36.262 id=273 [debug] handled request client -> server textDocument/documentSymbol in 1ms

16:46:36.419 id=274 [debug] handled request client -> server textDocument/documentSymbol in 819µs

16:46:37.948 [debug] handled notification client -> server textDocument/didChange in 410µs

16:46:38.041 id=275 [debug] handled request client -> server textDocument/documentSymbol in 1ms

16:46:38.215 id=276 [debug] handled request client -> server textDocument/documentSymbol in 716µs

16:46:38.310 [debug] handled notification client -> server textDocument/didSave in 922µs

16:46:38.676 [debug] handled notification client -> server workspace/didChangeWatchedFiles in 308µs

16:47:45.992 [debug] handled notification client -> server $/cancelRequest in 307µs

16:48:04.562 [debug] handled notification client -> server $/cancelRequest in 205µs

16:50:49.387 id=279 [debug] handled request client -> server textDocument/documentSymbol in 3ms

16:50:52.414 id=280 [debug] handled request client -> server textDocument/documentSymbol in 2ms

16:50:56.555 [debug] handled notification client -> server $/cancelRequest in 205µs

16:50:58.186 [debug] handled notification client -> server $/cancelRequest in 205µs

16:50:58.603 [debug] handled notification client -> server $/cancelRequest in 205µs

16:51:00.684 [debug] handled notification client -> server $/cancelRequest in 205µs

16:51:01.993 [debug] handled notification client -> server $/cancelRequest in 307µs

16:51:24.946 id=286 [debug] handled request client -> server textDocument/documentSymbol in 3ms

16:52:55.370 id=287 [debug] handled request client -> server textDocument/documentSymbol in 1ms

16:53:00.016 id=288 [debug] handled request client -> server textDocument/documentSymbol in 3ms

16:53:09.834 id=289 [debug] handled request client -> server textDocument/documentSymbol in 2ms

16:53:14.896 id=290 [debug] handled request client -> server textDocument/documentSymbol in 2ms

16:53:17.424 [debug] handled notification client -> server $/cancelRequest in 205µs

16:53:18.636 [debug] handled notification client -> server $/cancelRequest in 307µs

16:53:23.905 [debug] handled notification client -> server $/cancelRequest in 102µs

16:53:26.595 [debug] handled notification client -> server $/cancelRequest in 307µs

16:53:27.603 [error] ** (Protocol.UndefinedError) protocol Enumerable not implemented for %GenLSP.ErrorResponse{message: "Timeout", code: -32603, data: nil} of type GenLSP.ErrorResponse (a struct). This protocol is implemented for the following type(s): DBConnection.PrepareStream, DBConnection.Stream, Date.Range, Exqlite.Stream, File.Stream, Function, GenEvent.Stream, HashDict, HashSet, IO.Stream, Jason.OrderedObject, List, Map, MapSet, Range, Stream
    (elixir 1.17.3) lib/enum.ex:1: Enumerable.impl_for!/1
    (elixir 1.17.3) lib/enum.ex:166: Enumerable.reduce/3
    (elixir 1.17.3) lib/enum.ex:4423: Enum.reject/2
    (next_ls 0.23.4) lib/next_ls.ex:241: NextLS.handle_request/2
    (gen_lsp 0.11.0) lib/gen_lsp.ex:372: anonymous fn/2 in GenLSP.loop/3
    (telemetry 1.3.0) /Users/runner/work/next-ls/next-ls/deps/telemetry/src/telemetry.erl:324: :telemetry.span/3
    (gen_lsp 0.11.0) lib/gen_lsp.ex:371: anonymous fn/5 in GenLSP.loop/3
    (gen_lsp 0.11.0) lib/gen_lsp.ex:601: anonymous fn/4 in GenLSP.attempt/4


16:53:27.603 [debug] sent notification server -> client window/logMessage

16:53:33.666 id=296 [debug] handled request client -> server textDocument/documentSymbol in 1ms

16:56:06.082 id=297 [debug] handled request client -> server shutdown in 19ms

16:56:49.089 [info] Loading 47 CA(s) from :otp store

16:56:49.473 id=0 [debug] handled request client -> server initialize in 201ms

16:56:52.422 [debug] sent notification server -> client window/logMessage

16:56:52.431 [debug] NextLS v0.23.4 has initialized!

16:56:52.431 [debug] sent notification server -> client window/logMessage

16:56:52.431 [debug] Log file located at c:/projects/agentic_boilerplate/.elixir-tools/next-ls.log

16:56:52.434 [debug] sent notification server -> client window/logMessage

16:56:52.434 [info] [extension] Credo initializing with options %NextLS.InitOpts.Extensions.Credo{enable: true, cli_options: []}

16:56:52.434 id=2 [debug] sent request server -> client client/registerCapability

16:56:52.488 [debug] handled notification client -> server textDocument/didOpen in 17ms

16:56:52.668 id=1 [debug] handled request client -> server textDocument/documentSymbol in 172ms

16:56:52.897 id=2 [debug] handled request client -> server textDocument/documentSymbol in 1ms

16:56:53.866 [debug] sent notification server -> client window/logMessage

16:56:53.866 [warning] Failed to unzip and install the bundled Elixir archive.

** (MatchError) no match of right hand side value: {"** (ArgumentError) cannot escape #Reference<0.2405143673.3853910018.56021>. The supported values are: lists, tuples, maps, atoms, numbers, bitstrings, PIDs and remote functions in the format &Mod.fun/arity\n    (elixir 1.17.3) src/elixir_quote.erl:500: :elixir_quote.argument_error/1\n    (elixir 1.17.3) src/elixir_quote.erl:409: :elixir_quote.do_quote_simple_list/3\n    (elixir 1.17.3) src/elixir_quote.erl:409: :elixir_quote.do_quote_simple_list/3\n    (elixir 1.17.3) src/elixir_quote.erl:149: :elixir_quote.do_escape/2\n    (elixir 1.17.3) src/elixir_quote.erl:355: :elixir_quote.do_quote/2\n    (elixir 1.17.3) src/elixir_quote.erl:409: :elixir_quote.do_quote_simple_list/3\n    (elixir 1.17.3) src/elixir_quote.erl:409: :elixir_quote.do_quote_simple_list/3\n    c:/projects/agentic_boilerplate/config/config.exs:90: (file)\n", 1}
    (next_ls 0.23.4) lib/next_ls/runtime/bundled_elixir.ex:55: NextLS.Runtime.BundledElixir.install/2
    (next_ls 0.23.4) lib/next_ls.ex:882: NextLS.handle_notification/2
    (gen_lsp 0.11.0) lib/gen_lsp.ex:528: anonymous fn/2 in GenLSP.loop/3
    (telemetry 1.3.0) /Users/runner/work/next-ls/next-ls/deps/telemetry/src/telemetry.erl:324: :telemetry.span/3
    (gen_lsp 0.11.0) lib/gen_lsp.ex:524: anonymous fn/4 in GenLSP.loop/3
    (gen_lsp 0.11.0) lib/gen_lsp.ex:601: anonymous fn/4 in GenLSP.attempt/4
    (elixir 1.17.3) lib/task/supervised.ex:101: Task.Supervised.invoke_mfa/2



16:56:53.866 [debug] sent notification server -> client window/logMessage

16:56:53.866 [debug] Booting runtimes...

16:56:53.884 id=66 [debug] sent request server -> client window/workDoneProgress/create

16:56:53.899 [debug] sent notification server -> client $/progress

16:56:53.935 [debug] sent notification server -> client window/logMessage

16:56:53.935 [info] Beginning DB migration...

16:56:53.944 [debug] sent notification server -> client window/logMessage

16:56:53.944 [info] Database is on the latest version: 7

16:56:53.944 [debug] sent notification server -> client window/logMessage

16:56:53.944 [info] Finished DB migration...

16:56:53.949 [error] ** (MatchError) no match of right hand side value: {:error, {:shutdown, {:failed_to_start_child, NextLS.Runtime, {:badarg, [{NextLS.Runtime, :init, 1, [file: ~c"lib/next_ls/runtime.ex", line: 131, error_info: %{cause: {1, :binary, :type, nil}, function: :format_bs_fail, module: :erl_erts_errors}]}, {:gen_server, :init_it, 2, [file: ~c"gen_server.erl", line: 2229]}, {:gen_server, :init_it, 6, [file: ~c"gen_server.erl", line: 2184]}, {:proc_lib, :init_p_do_apply, 3, [file: ~c"proc_lib.erl", line: 329]}]}}}}
    (next_ls 0.23.4) lib/next_ls.ex:907: anonymous fn/5 in NextLS.handle_notification/2
    (elixir 1.17.3) lib/enum.ex:2531: Enum."-reduce/3-lists^foldl/2-0-"/3
    (next_ls 0.23.4) lib/next_ls.ex:902: NextLS.handle_notification/2
    (gen_lsp 0.11.0) lib/gen_lsp.ex:528: anonymous fn/2 in GenLSP.loop/3
    (telemetry 1.3.0) /Users/runner/work/next-ls/next-ls/deps/telemetry/src/telemetry.erl:324: :telemetry.span/3
    (gen_lsp 0.11.0) lib/gen_lsp.ex:524: anonymous fn/4 in GenLSP.loop/3
    (gen_lsp 0.11.0) lib/gen_lsp.ex:601: anonymous fn/4 in GenLSP.attempt/4
    (elixir 1.17.3) lib/task/supervised.ex:101: Task.Supervised.invoke_mfa/2


16:56:53.949 [debug] sent notification server -> client window/logMessage

16:56:53.949 [warning] client -> server notification crashed

16:56:55.487 id=3 [debug] handled request client -> server textDocument/documentSymbol in 1ms

16:56:55.789 id=4 [debug] handled request client -> server textDocument/documentSymbol in 1ms

16:57:00.754 [debug] handled notification client -> server workspace/didChangeWatchedFiles in 7ms

16:57:01.307 [debug] handled notification client -> server workspace/didChangeWatchedFiles in 1ms

16:57:01.825 [debug] handled notification client -> server workspace/didChangeWatchedFiles in 1ms

16:57:02.357 [debug] handled notification client -> server workspace/didChangeWatchedFiles in 1ms

16:57:03.064 [debug] handled notification client -> server workspace/didChangeWatchedFiles in 1ms

16:57:03.318 [debug] handled notification client -> server workspace/didChangeWatchedFiles in 922µs

16:57:04.080 [debug] handled notification client -> server workspace/didChangeWatchedFiles in 1ms

16:57:12.879 [debug] handled notification client -> server workspace/didChangeWatchedFiles in 717µs

16:57:14.389 [debug] handled notification client -> server workspace/didChangeWatchedFiles in 922µs

16:58:49.965 [debug] handled notification client -> server $/setTrace in 41ms

16:58:53.156 [debug] handled notification client -> server textDocument/didOpen in 205µs

16:58:53.168 id=5 [debug] handled request client -> server textDocument/documentSymbol in 615µs

16:58:53.464 id=6 [debug] handled request client -> server textDocument/documentSymbol in 512µs

17:00:23.949 [debug] handled notification client -> server workspace/didChangeWatchedFiles in 308µs

17:00:30.250 [debug] handled notification client -> server workspace/didChangeWatchedFiles in 410µs

17:00:40.369 [debug] handled notification client -> server textDocument/didOpen in 717µs

17:00:40.370 [debug] handled notification client -> server textDocument/didClose in 5ms

17:00:40.392 id=7 [debug] handled request client -> server textDocument/documentSymbol in 4ms

17:00:40.688 id=8 [debug] handled request client -> server textDocument/documentSymbol in 4ms

17:00:45.334 [debug] handled notification client -> server textDocument/didSave in 4ms

17:00:45.664 [debug] handled notification client -> server workspace/didChangeWatchedFiles in 615µs

17:00:46.867 [debug] handled notification client -> server textDocument/didSave in 717µs

17:00:47.187 [debug] handled notification client -> server workspace/didChangeWatchedFiles in 409µs

17:03:21.269 [debug] handled notification client -> server workspace/didChangeWatchedFiles in 512µs

17:03:24.133 [debug] handled notification client -> server textDocument/didOpen in 819µs

17:03:24.147 id=9 [debug] handled request client -> server textDocument/documentSymbol in 1ms

17:03:24.437 id=10 [debug] handled request client -> server textDocument/documentSymbol in 1ms

17:03:27.354 [debug] handled notification client -> server $/cancelRequest in 4ms

17:03:28.598 [debug] handled notification client -> server textDocument/didSave in 615µs

17:03:28.927 [debug] handled notification client -> server workspace/didChangeWatchedFiles in 512µs

17:03:33.664 [debug] handled notification client -> server textDocument/didSave in 410µs

17:03:34.003 [debug] handled notification client -> server workspace/didChangeWatchedFiles in 512µs

17:03:34.947 [debug] handled notification client -> server textDocument/didSave in 512µs

17:03:35.280 [debug] handled notification client -> server workspace/didChangeWatchedFiles in 512µs

17:05:45.138 [debug] handled notification client -> server workspace/didChangeWatchedFiles in 410µs

17:05:51.515 [debug] handled notification client -> server workspace/didChangeWatchedFiles in 717µs

17:05:56.542 [debug] handled notification client -> server textDocument/didOpen in 512µs

17:05:56.558 id=12 [debug] handled request client -> server textDocument/documentSymbol in 3ms

17:05:56.850 id=13 [debug] handled request client -> server textDocument/documentSymbol in 3ms

17:06:06.891 [debug] handled notification client -> server textDocument/didSave in 410µs

17:06:06.899 [debug] handled notification client -> server textDocument/didChange in 9ms

17:06:07.207 id=14 [debug] handled request client -> server textDocument/documentSymbol in 2ms

17:06:07.248 id=15 [debug] handled request client -> server textDocument/documentSymbol in 3ms

17:06:07.262 [debug] handled notification client -> server workspace/didChangeWatchedFiles in 409µs

17:06:17.941 [debug] handled notification client -> server textDocument/didSave in 819µs

17:06:18.262 [debug] handled notification client -> server workspace/didChangeWatchedFiles in 307µs

17:06:48.132 [debug] handled notification client -> server textDocument/didSave in 615µs

17:06:48.475 [debug] handled notification client -> server workspace/didChangeWatchedFiles in 410µs

17:09:49.998 [debug] handled notification client -> server textDocument/didChange in 921µs

17:09:49.998 [debug] handled notification client -> server textDocument/didSave in 1ms

17:09:50.325 [debug] handled notification client -> server workspace/didChangeWatchedFiles in 512µs

17:10:00.171 [debug] handled notification client -> server textDocument/didSave in 614µs

17:10:00.554 [debug] handled notification client -> server workspace/didChangeWatchedFiles in 512µs

17:10:06.158 id=16 [debug] handled request client -> server textDocument/documentSymbol in 4ms

17:10:06.239 id=17 [debug] handled request client -> server textDocument/documentSymbol in 5ms

17:10:19.513 id=18 [debug] handled request client -> server textDocument/documentSymbol in 3ms

17:10:21.150 [debug] handled notification client -> server textDocument/didSave in 717µs

17:10:21.411 [debug] handled notification client -> server workspace/didChangeWatchedFiles in 512µs

17:10:23.574 [debug] handled notification client -> server textDocument/didSave in 819µs

17:10:23.893 [debug] handled notification client -> server workspace/didChangeWatchedFiles in 717µs

17:12:59.355 [debug] handled notification client -> server workspace/didChangeWatchedFiles in 512µs

17:13:01.898 [debug] handled notification client -> server workspace/didChangeWatchedFiles in 409µs

17:13:11.560 [debug] handled notification client -> server workspace/didChangeWatchedFiles in 410µs

17:13:17.450 [debug] handled notification client -> server workspace/didChangeWatchedFiles in 614µs

21:22:22.185 id=19 [debug] handled request client -> server textDocument/documentSymbol in 4ms

21:22:22.912 [debug] handled notification client -> server textDocument/didClose in 205µs

21:22:23.827 [debug] handled notification client -> server textDocument/didOpen in 409µs

21:22:23.836 id=20 [debug] handled request client -> server textDocument/documentSymbol in 1ms

21:22:24.134 id=21 [debug] handled request client -> server textDocument/documentSymbol in 1ms

21:22:25.603 [debug] handled notification client -> server $/cancelRequest in 307µs

21:22:28.605 [debug] handled notification client -> server textDocument/didClose in 204µs

21:22:31.689 id=23 [debug] handled request client -> server textDocument/documentSymbol in 1ms

21:22:32.466 [debug] handled notification client -> server $/cancelRequest in 307µs

21:22:33.887 [debug] handled notification client -> server textDocument/didClose in 205µs

21:22:35.258 id=25 [debug] handled request client -> server textDocument/documentSymbol in 2ms

21:22:36.334 [debug] handled notification client -> server textDocument/didClose in 205µs

21:22:44.305 id=26 [debug] handled request client -> server textDocument/documentSymbol in 1ms

21:22:45.773 [debug] handled notification client -> server $/cancelRequest in 307µs

21:22:47.371 [debug] handled notification client -> server textDocument/didOpen in 409µs

21:22:47.381 id=28 [debug] handled request client -> server textDocument/documentSymbol in 2ms

21:22:47.680 id=29 [debug] handled request client -> server textDocument/documentSymbol in 2ms

21:22:48.663 [debug] handled notification client -> server textDocument/didClose in 205µs

21:22:48.967 id=30 [debug] handled request client -> server textDocument/documentSymbol in 1ms

21:22:49.767 [debug] handled notification client -> server textDocument/didOpen in 205µs

21:22:49.776 id=31 [debug] handled request client -> server textDocument/documentSymbol in 819µs

21:22:50.075 id=32 [debug] handled request client -> server textDocument/documentSymbol in 1ms

21:22:50.457 [debug] handled notification client -> server textDocument/didOpen in 205µs

21:22:50.463 id=33 [debug] handled request client -> server textDocument/documentSymbol in 1ms

21:22:50.765 id=34 [debug] handled request client -> server textDocument/documentSymbol in 1ms

21:22:51.793 [debug] handled notification client -> server textDocument/didClose in 204µs

21:22:52.095 id=35 [debug] handled request client -> server textDocument/documentSymbol in 922µs

21:22:52.561 [debug] handled notification client -> server textDocument/didOpen in 512µs

21:22:52.568 id=36 [debug] handled request client -> server textDocument/documentSymbol in 1ms

21:22:52.866 id=37 [debug] handled request client -> server textDocument/documentSymbol in 1ms

21:22:53.553 [debug] handled notification client -> server textDocument/didClose in 205µs

21:22:53.858 id=38 [debug] handled request client -> server textDocument/documentSymbol in 1ms

21:22:55.463 [debug] handled notification client -> server textDocument/didClose in 103µs

21:22:55.767 id=39 [debug] handled request client -> server textDocument/documentSymbol in 1ms

21:23:01.432 [debug] handled notification client -> server textDocument/didOpen in 409µs

21:23:01.440 id=40 [debug] handled request client -> server textDocument/documentSymbol in 2ms

21:23:01.737 id=41 [debug] handled request client -> server textDocument/documentSymbol in 2ms

21:27:55.740 [debug] handled notification client -> server textDocument/didOpen in 512µs

21:27:55.752 id=42 [debug] handled request client -> server textDocument/documentSymbol in 3ms

21:27:56.046 id=43 [debug] handled request client -> server textDocument/documentSymbol in 2ms

21:28:02.999 id=44 [debug] handled request client -> server textDocument/documentSymbol in 2ms

21:28:06.156 [debug] handled notification client -> server $/cancelRequest in 204µs

21:28:06.720 [debug] handled notification client -> server $/cancelRequest in 205µs

21:28:14.221 [debug] handled notification client -> server $/cancelRequest in 205µs

21:28:19.584 id=48 [debug] handled request client -> server textDocument/hover in 1013ms

21:28:27.068 [debug] handled notification client -> server $/cancelRequest in 205µs

21:28:28.235 id=50 [debug] handled request client -> server textDocument/hover in 1006ms

21:28:43.771 [debug] handled notification client -> server $/cancelRequest in 205µs

21:29:12.970 [debug] handled notification client -> server $/cancelRequest in 410µs

21:29:13.295 [debug] handled notification client -> server $/cancelRequest in 205µs

21:29:14.281 [debug] handled notification client -> server $/cancelRequest in 204µs

21:29:15.388 [debug] handled notification client -> server $/cancelRequest in 205µs

21:29:15.716 [debug] handled notification client -> server $/cancelRequest in 205µs

21:29:16.643 [debug] handled notification client -> server $/cancelRequest in 204µs

21:29:17.186 [debug] handled notification client -> server $/cancelRequest in 205µs

21:29:18.079 [debug] handled notification client -> server $/cancelRequest in 205µs

21:29:23.577 id=60 [debug] handled request client -> server textDocument/hover in 1003ms

21:29:27.496 [debug] handled notification client -> server $/cancelRequest in 205µs

21:29:27.810 [debug] handled notification client -> server $/cancelRequest in 103µs

21:29:27.990 [debug] handled notification client -> server $/cancelRequest in 410µs

21:29:30.524 [error] ** (Protocol.UndefinedError) protocol Enumerable not implemented for %GenLSP.ErrorResponse{message: "Timeout", code: -32603, data: nil} of type GenLSP.ErrorResponse (a struct). This protocol is implemented for the following type(s): DBConnection.PrepareStream, DBConnection.Stream, Date.Range, Exqlite.Stream, File.Stream, Function, GenEvent.Stream, HashDict, HashSet, IO.Stream, Jason.OrderedObject, List, Map, MapSet, Range, Stream
    (elixir 1.17.3) lib/enum.ex:1: Enumerable.impl_for!/1
    (elixir 1.17.3) lib/enum.ex:166: Enumerable.reduce/3
    (elixir 1.17.3) lib/enum.ex:4423: Enum.reject/2
    (next_ls 0.23.4) lib/next_ls.ex:241: NextLS.handle_request/2
    (gen_lsp 0.11.0) lib/gen_lsp.ex:372: anonymous fn/2 in GenLSP.loop/3
    (telemetry 1.3.0) /Users/runner/work/next-ls/next-ls/deps/telemetry/src/telemetry.erl:324: :telemetry.span/3
    (gen_lsp 0.11.0) lib/gen_lsp.ex:371: anonymous fn/5 in GenLSP.loop/3
    (gen_lsp 0.11.0) lib/gen_lsp.ex:601: anonymous fn/4 in GenLSP.attempt/4


21:29:30.524 [debug] sent notification server -> client window/logMessage

21:30:10.238 [debug] handled notification client -> server $/cancelRequest in 204µs

21:30:11.774 [debug] handled notification client -> server textDocument/didChange in 512µs

21:30:11.885 id=67 [debug] handled request client -> server textDocument/documentSymbol in 3ms

21:30:11.901 id=68 [debug] handled request client -> server textDocument/documentSymbol in 3ms

21:30:12.230 [error] ** (Protocol.UndefinedError) protocol Enumerable not implemented for %GenLSP.ErrorResponse{message: "Timeout", code: -32603, data: nil} of type GenLSP.ErrorResponse (a struct). This protocol is implemented for the following type(s): DBConnection.PrepareStream, DBConnection.Stream, Date.Range, Exqlite.Stream, File.Stream, Function, GenEvent.Stream, HashDict, HashSet, IO.Stream, Jason.OrderedObject, List, Map, MapSet, Range, Stream
    (elixir 1.17.3) lib/enum.ex:1: Enumerable.impl_for!/1
    (elixir 1.17.3) lib/enum.ex:166: Enumerable.reduce/3
    (elixir 1.17.3) lib/enum.ex:4423: Enum.reject/2
    (next_ls 0.23.4) lib/next_ls.ex:241: NextLS.handle_request/2
    (gen_lsp 0.11.0) lib/gen_lsp.ex:372: anonymous fn/2 in GenLSP.loop/3
    (telemetry 1.3.0) /Users/runner/work/next-ls/next-ls/deps/telemetry/src/telemetry.erl:324: :telemetry.span/3
    (gen_lsp 0.11.0) lib/gen_lsp.ex:371: anonymous fn/5 in GenLSP.loop/3
    (gen_lsp 0.11.0) lib/gen_lsp.ex:601: anonymous fn/4 in GenLSP.attempt/4


21:30:12.230 [debug] sent notification server -> client window/logMessage

21:30:13.955 [debug] handled notification client -> server textDocument/didChange in 512µs

21:30:14.055 id=69 [debug] handled request client -> server textDocument/documentSymbol in 2ms

21:30:14.216 id=70 [debug] handled request client -> server textDocument/documentSymbol in 2ms

21:30:16.963 [debug] handled notification client -> server textDocument/didChange in 615µs

21:30:17.063 id=71 [debug] handled request client -> server textDocument/documentSymbol in 2ms

21:30:17.209 id=72 [debug] handled request client -> server textDocument/documentSymbol in 2ms

21:30:17.577 [debug] handled notification client -> server textDocument/didSave in 819µs

21:30:17.956 [debug] handled notification client -> server workspace/didChangeWatchedFiles in 410µs

21:30:19.023 [debug] handled notification client -> server $/cancelRequest in 205µs

21:33:40.161 [debug] handled notification client -> server $/cancelRequest in 307µs

21:42:26.275 [debug] handled notification client -> server textDocument/didOpen in 512µs

21:42:26.284 id=75 [debug] handled request client -> server textDocument/documentSymbol in 1ms

21:42:26.580 id=76 [debug] handled request client -> server textDocument/documentSymbol in 1ms

21:42:28.771 [debug] handled notification client -> server $/cancelRequest in 205µs

21:42:29.206 [debug] handled notification client -> server $/cancelRequest in 307µs

21:42:29.315 [debug] handled notification client -> server $/cancelRequest in 307µs

21:42:29.336 [debug] handled notification client -> server $/cancelRequest in 205µs

21:42:30.340 [error] ** (Protocol.UndefinedError) protocol Enumerable not implemented for %GenLSP.ErrorResponse{message: "Timeout", code: -32603, data: nil} of type GenLSP.ErrorResponse (a struct). This protocol is implemented for the following type(s): DBConnection.PrepareStream, DBConnection.Stream, Date.Range, Exqlite.Stream, File.Stream, Function, GenEvent.Stream, HashDict, HashSet, IO.Stream, Jason.OrderedObject, List, Map, MapSet, Range, Stream
    (elixir 1.17.3) lib/enum.ex:1: Enumerable.impl_for!/1
    (elixir 1.17.3) lib/enum.ex:166: Enumerable.reduce/3
    (elixir 1.17.3) lib/enum.ex:4423: Enum.reject/2
    (next_ls 0.23.4) lib/next_ls.ex:241: NextLS.handle_request/2
    (gen_lsp 0.11.0) lib/gen_lsp.ex:372: anonymous fn/2 in GenLSP.loop/3
    (telemetry 1.3.0) /Users/runner/work/next-ls/next-ls/deps/telemetry/src/telemetry.erl:324: :telemetry.span/3
    (gen_lsp 0.11.0) lib/gen_lsp.ex:371: anonymous fn/5 in GenLSP.loop/3
    (gen_lsp 0.11.0) lib/gen_lsp.ex:601: anonymous fn/4 in GenLSP.attempt/4


21:42:30.340 [debug] sent notification server -> client window/logMessage
